<body xmlns:diff="http://namespaces.shoobx.com/diff">
  <div id="id">
    <p diff:insert="">
      <diff:insert>Simple text</diff:insert>
    </p>
  </div>
</body>
